// Jest Snapshot v1, https://goo.gl/fbAQLP

exports[`Cart component renders correctly 1`] = `
Array [
  <div
    className="bg-black flex flex-col items-center grow min-h-screen font-mono pt-12"
  >
    <div
      className="bg-white text-black flex flex-col gap-4 p-4 max-w-xl min-w-[25%] rounded"
    >
      <div
        className="gap-4 flex flex-col"
      />
      <div
        className="flex flex-row gap-2 items-center justify-start"
      >
        <button
          className="font-bold text-lg rounded bg-black text-white p-2 flex items-center"
        >
          Clear Cart
        </button>
        <div
          className="flex grow"
        />
        <div
          className="font-bold text-lg flex items-center"
        >
          Total: $ 
        </div>
      </div>
      <div
        className="items-center flex flex-row justify-center"
      >
        <a
          className="font-bold text-lg rounded bg-black text-white p-2"
          href="/Checkout"
          onClick={[Function]}
        >
          Proceed To Payment
        </a>
      </div>
    </div>
  </div>,
  ")",
]
`;
