// Jest Snapshot v1, https://goo.gl/fbAQLP

exports[`Shop component renders correctly 1`] = `
Array [
  <div
    className="bg-black text-white flex flex-col justify-center flex-grow"
  >
    <div
      className="flex flex-row gap-6 flex-wrap"
    >
      <div>
        <div>
          The Moon
        </div>
        <div>
          Price per acre: 
          90000000
          $
        </div>
        <img
          alt="The Moon"
          className="aspect-auto max-w-lg"
          src="moon.jpg"
        />
        <a
          href="/The Moon"
          onClick={[Function]}
        >
          See Info
        </a>
        <form
          action=""
          method="post"
        >
          <label
            htmlFor="The Moon"
          >
            Number of acres desired on 
            The Moon
            :
          </label>
          <input
            className="text-black"
            id="The Moon"
            name="The Moon"
            onChange={[Function]}
            type="text"
          />
        </form>
        <button
          onClick={[Function]}
          type="button"
        >
          Add to Cart
        </button>
      </div>
      <div>
        <div>
          Callisto
        </div>
        <div>
          Price per acre: 
          20000000
          $
        </div>
        <img
          alt="Callisto"
          className="aspect-auto max-w-lg"
          src="Callisto.jpg"
        />
        <a
          href="/Callisto"
          onClick={[Function]}
        >
          See Info
        </a>
        <form
          action=""
          method="post"
        >
          <label
            htmlFor="Callisto"
          >
            Number of acres desired on 
            Callisto
            :
          </label>
          <input
            className="text-black"
            id="Callisto"
            name="Callisto"
            onChange={[Function]}
            type="text"
          />
        </form>
        <button
          onClick={[Function]}
          type="button"
        >
          Add to Cart
        </button>
      </div>
      <div>
        <div>
          Io
        </div>
        <div>
          Price per acre: 
          70000000
          $
        </div>
        <img
          alt="Io"
          className="aspect-auto max-w-lg"
          src="io.jpg"
        />
        <a
          href="/Io"
          onClick={[Function]}
        >
          See Info
        </a>
        <form
          action=""
          method="post"
        >
          <label
            htmlFor="Io"
          >
            Number of acres desired on 
            Io
            :
          </label>
          <input
            className="text-black"
            id="Io"
            name="Io"
            onChange={[Function]}
            type="text"
          />
        </form>
        <button
          onClick={[Function]}
          type="button"
        >
          Add to Cart
        </button>
      </div>
      <div>
        <div>
          Charon
        </div>
        <div>
          Price per acre: 
          10000000
          $
        </div>
        <img
          alt="Charon"
          className="aspect-auto max-w-lg"
          src="charon.jpg"
        />
        <a
          href="/Charon"
          onClick={[Function]}
        >
          See Info
        </a>
        <form
          action=""
          method="post"
        >
          <label
            htmlFor="Charon"
          >
            Number of acres desired on 
            Charon
            :
          </label>
          <input
            className="text-black"
            id="Charon"
            name="Charon"
            onChange={[Function]}
            type="text"
          />
        </form>
        <button
          onClick={[Function]}
          type="button"
        >
          Add to Cart
        </button>
      </div>
      <div>
        <div>
          Enceladus
        </div>
        <div>
          Price per acre: 
          40000000
          $
        </div>
        <img
          alt="Enceladus"
          className="aspect-auto max-w-lg"
          src="enceladus.jpg"
        />
        <a
          href="/Enceladus"
          onClick={[Function]}
        >
          See Info
        </a>
        <form
          action=""
          method="post"
        >
          <label
            htmlFor="Enceladus"
          >
            Number of acres desired on 
            Enceladus
            :
          </label>
          <input
            className="text-black"
            id="Enceladus"
            name="Enceladus"
            onChange={[Function]}
            type="text"
          />
        </form>
        <button
          onClick={[Function]}
          type="button"
        >
          Add to Cart
        </button>
      </div>
      <div>
        <div>
          Ganymede
        </div>
        <div>
          Price per acre: 
          50000000
          $
        </div>
        <img
          alt="Ganymede"
          className="aspect-auto max-w-lg"
          src="ganymede.jpg"
        />
        <a
          href="/Ganymede"
          onClick={[Function]}
        >
          See Info
        </a>
        <form
          action=""
          method="post"
        >
          <label
            htmlFor="Ganymede"
          >
            Number of acres desired on 
            Ganymede
            :
          </label>
          <input
            className="text-black"
            id="Ganymede"
            name="Ganymede"
            onChange={[Function]}
            type="text"
          />
        </form>
        <button
          onClick={[Function]}
          type="button"
        >
          Add to Cart
        </button>
      </div>
      <div>
        <div>
          Europa
        </div>
        <div>
          Price per acre: 
          50000000
          $
        </div>
        <img
          alt="Europa"
          className="aspect-auto max-w-lg"
          src="europa.jpg"
        />
        <a
          href="/Europa"
          onClick={[Function]}
        >
          See Info
        </a>
        <form
          action=""
          method="post"
        >
          <label
            htmlFor="Europa"
          >
            Number of acres desired on 
            Europa
            :
          </label>
          <input
            className="text-black"
            id="Europa"
            name="Europa"
            onChange={[Function]}
            type="text"
          />
        </form>
        <button
          onClick={[Function]}
          type="button"
        >
          Add to Cart
        </button>
      </div>
      <div>
        <div>
          Phobos
        </div>
        <div>
          Price per acre: 
          30000000
          $
        </div>
        <img
          alt="Phobos"
          className="aspect-auto max-w-lg"
          src="phobos.jpg"
        />
        <a
          href="/Phobos"
          onClick={[Function]}
        >
          See Info
        </a>
        <form
          action=""
          method="post"
        >
          <label
            htmlFor="Phobos"
          >
            Number of acres desired on 
            Phobos
            :
          </label>
          <input
            className="text-black"
            id="Phobos"
            name="Phobos"
            onChange={[Function]}
            type="text"
          />
        </form>
        <button
          onClick={[Function]}
          type="button"
        >
          Add to Cart
        </button>
      </div>
      <div>
        <div>
          Titan
        </div>
        <div>
          Price per acre: 
          60000000
          $
        </div>
        <img
          alt="Titan"
          className="aspect-auto max-w-lg"
          src="titan.jpg"
        />
        <a
          href="/Titan"
          onClick={[Function]}
        >
          See Info
        </a>
        <form
          action=""
          method="post"
        >
          <label
            htmlFor="Titan"
          >
            Number of acres desired on 
            Titan
            :
          </label>
          <input
            className="text-black"
            id="Titan"
            name="Titan"
            onChange={[Function]}
            type="text"
          />
        </form>
        <button
          onClick={[Function]}
          type="button"
        >
          Add to Cart
        </button>
      </div>
      <div>
        <div>
          Triton
        </div>
        <div>
          Price per acre: 
          40000000
          $
        </div>
        <img
          alt="Triton"
          className="aspect-auto max-w-lg"
          src="triton.jpg"
        />
        <a
          href="/Triton"
          onClick={[Function]}
        >
          See Info
        </a>
        <form
          action=""
          method="post"
        >
          <label
            htmlFor="Triton"
          >
            Number of acres desired on 
            Triton
            :
          </label>
          <input
            className="text-black"
            id="Triton"
            name="Triton"
            onChange={[Function]}
            type="text"
          />
        </form>
        <button
          onClick={[Function]}
          type="button"
        >
          Add to Cart
        </button>
      </div>
    </div>
  </div>,
  ")",
]
`;
